[dotenv@17.3.1] injecting env (0) from .env -- tip: ≡ƒñû agentic secret storage: https://dotenvx.com/as2
Critique Result:
 [STATUS]
REJECTED

[VIOLATIONS]
1, 2, 4, 5

[CRITIQUE]
1. The ΓÇ£Read Before WriteΓÇ¥ Check failed because it is unclear whether the Actor investigated existing MCP server logic in the codebase. There is no evidence to suggest that the new server logic does not duplicate existing functionality.
2. The API Verification Check failed due to the integration with the OpenRouter API without providing proof of the API contract validity. There is no documentation or test script referenced to validate that the API endpoints are correctly implemented.
4. The Production-Ready Check failed as the submission indicates that tests were not added yet (ΓÇ£I'll do it laterΓÇ¥). Submitting code without tests means it cannot be considered production-ready. Additionally, the mention of potential TODOs or incomplete logic would violate this check.
5. The Proof of Work Check failed because there are no tests provided for the new logic created. Without tests, it is impossible to approve any new functionality confidently.

[REQUIRED ACTION]
Investigate the existing codebase to ensure no duplication occurs, provide documented proof that the OpenRouter API integration is correct, create and commit adequate tests that verify all new logic before resubmission. Ensure all code is complete and production-ready without placeholders or TODO comments.
